dead pin: friendli   live pin: deepinfra/fp4

== dead-pin create: HTTP 202
{"id":"batch-1789167739-GXNiy6zu8WT6fzL0zauu","object":"batch","endpoint":"/v1/chat/completions","model":"z-ai/glm-5.3-flash-20260826","completion_window":"24h","status":"validating","created_at":1789167739,"finalized_at":null,"request_counts":{"total":1,"completed":0,"failed":0},"usage":null,"results":null,"error":null}

== live-pin-metadata create: HTTP 202
{"id":"batch-1789167741-wPqWvi1QgWaUhhD1uX2c","object":"batch","endpoint":"/v1/chat/completions","model":"z-ai/glm-5.3-flash-20260826","completion_window":"24h","status":"validating","created_at":1789167741,"finalized_at":null,"request_counts":{"total":1,"completed":0,"failed":0},"usage":null,"results":null,"error":null}
dead-pin poll 0: status=in_progress counts={"total":1,"completed":0,"failed":0}
dead-pin poll 1: status=in_progress counts={"total":1,"completed":0,"failed":0}
dead-pin poll 2: status=in_progress counts={"total":1,"completed":0,"failed":0}
dead-pin poll 3: status=in_progress counts={"total":1,"completed":0,"failed":0}
dead-pin poll 4: status=in_progress counts={"total":1,"completed":0,"failed":0}
dead-pin poll 5: status=in_progress counts={"total":1,"completed":0,"failed":0}
dead-pin poll 6: status=in_progress counts={"total":1,"completed":0,"failed":0}
dead-pin poll 7: status=in_progress counts={"total":1,"completed":0,"failed":0}
dead-pin poll 8: status=in_progress counts={"total":1,"completed":0,"failed":0}
dead-pin poll 9: status=in_progress counts={"total":1,"completed":0,"failed":0}
dead-pin poll 10: status=in_progress counts={"total":1,"completed":0,"failed":0}
dead-pin poll 11: status=in_progress counts={"total":1,"completed":0,"failed":0}
dead-pin poll 12: status=in_progress counts={"total":1,"completed":0,"failed":0}
dead-pin poll 13: status=in_progress counts={"total":1,"completed":0,"failed":0}
dead-pin poll 14: status=in_progress counts={"total":1,"completed":0,"failed":0}
dead-pin poll 15: status=in_progress counts={"total":1,"completed":0,"failed":0}
dead-pin poll 16: status=in_progress counts={"total":1,"completed":0,"failed":0}
dead-pin poll 17: status=in_progress counts={"total":1,"completed":0,"failed":0}
dead-pin poll 18: status=in_progress counts={"total":1,"completed":0,"failed":0}
dead-pin poll 19: status=in_progress counts={"total":1,"completed":0,"failed":0}
dead-pin poll 20: status=in_progress counts={"total":1,"completed":0,"failed":0}
dead-pin poll 21: status=in_progress counts={"total":1,"completed":0,"failed":0}
dead-pin poll 22: status=in_progress counts={"total":1,"completed":0,"failed":0}
dead-pin poll 23: status=in_progress counts={"total":1,"completed":0,"failed":0}
dead-pin poll 24: status=in_progress counts={"total":1,"completed":0,"failed":0}
dead-pin poll 25: status=in_progress counts={"total":1,"completed":0,"failed":0}
dead-pin poll 26: status=in_progress counts={"total":1,"completed":0,"failed":0}
dead-pin poll 27: status=in_progress counts={"total":1,"completed":0,"failed":0}
dead-pin poll 28: status=in_progress counts={"total":1,"completed":0,"failed":0}
dead-pin poll 29: status=in_progress counts={"total":1,"completed":0,"failed":0}
dead-pin poll 30: status=in_progress counts={"total":1,"completed":0,"failed":0}
dead-pin poll 31: status=in_progress counts={"total":1,"completed":0,"failed":0}
dead-pin poll 32: status=in_progress counts={"total":1,"completed":0,"failed":0}
dead-pin poll 33: status=in_progress counts={"total":1,"completed":0,"failed":0}
dead-pin poll 34: status=in_progress counts={"total":1,"completed":0,"failed":0}
dead-pin poll 35: status=in_progress counts={"total":1,"completed":0,"failed":0}
dead-pin poll 36: status=in_progress counts={"total":1,"completed":0,"failed":0}
dead-pin poll 37: status=in_progress counts={"total":1,"completed":0,"failed":0}
dead-pin poll 38: status=in_progress counts={"total":1,"completed":0,"failed":0}
dead-pin poll 39: status=in_progress counts={"total":1,"completed":0,"failed":0}
dead-pin: still processing after 10 minutes; record that as the observation
live-pin-metadata poll 0: status=in_progress counts={"total":1,"completed":0,"failed":0}
live-pin-metadata poll 1: status=in_progress counts={"total":1,"completed":0,"failed":0}
live-pin-metadata poll 2: status=in_progress counts={"total":1,"completed":0,"failed":0}
live-pin-metadata poll 3: status=in_progress counts={"total":1,"completed":0,"failed":0}
live-pin-metadata poll 4: status=in_progress counts={"total":1,"completed":0,"failed":0}
live-pin-metadata poll 5: status=in_progress counts={"total":1,"completed":0,"failed":0}
live-pin-metadata poll 6: status=in_progress counts={"total":1,"completed":0,"failed":0}
live-pin-metadata poll 7: status=in_progress counts={"total":1,"completed":0,"failed":0}
live-pin-metadata poll 8: status=in_progress counts={"total":1,"completed":0,"failed":0}
live-pin-metadata poll 9: status=in_progress counts={"total":1,"completed":0,"failed":0}
live-pin-metadata poll 10: status=in_progress counts={"total":1,"completed":0,"failed":0}
live-pin-metadata poll 11: status=in_progress counts={"total":1,"completed":0,"failed":0}
live-pin-metadata poll 12: status=in_progress counts={"total":1,"completed":0,"failed":0}
live-pin-metadata poll 13: status=in_progress counts={"total":1,"completed":0,"failed":0}
live-pin-metadata poll 14: status=in_progress counts={"total":1,"completed":0,"failed":0}
live-pin-metadata poll 15: status=in_progress counts={"total":1,"completed":0,"failed":0}
live-pin-metadata poll 16: status=in_progress counts={"total":1,"completed":0,"failed":0}
live-pin-metadata poll 17: status=in_progress counts={"total":1,"completed":0,"failed":0}
live-pin-metadata poll 18: status=in_progress counts={"total":1,"completed":0,"failed":0}
live-pin-metadata poll 19: status=in_progress counts={"total":1,"completed":0,"failed":0}
live-pin-metadata poll 20: status=in_progress counts={"total":1,"completed":0,"failed":0}
live-pin-metadata poll 21: status=in_progress counts={"total":1,"completed":0,"failed":0}
live-pin-metadata poll 22: status=in_progress counts={"total":1,"completed":0,"failed":0}
live-pin-metadata poll 23: status=in_progress counts={"total":1,"completed":0,"failed":0}
live-pin-metadata poll 24: status=in_progress counts={"total":1,"completed":0,"failed":0}
live-pin-metadata poll 25: status=in_progress counts={"total":1,"completed":0,"failed":0}
live-pin-metadata poll 26: status=in_progress counts={"total":1,"completed":0,"failed":0}
live-pin-metadata poll 27: status=in_progress counts={"total":1,"completed":0,"failed":0}
live-pin-metadata poll 28: status=in_progress counts={"total":1,"completed":0,"failed":0}
live-pin-metadata poll 29: status=in_progress counts={"total":1,"completed":0,"failed":0}
live-pin-metadata poll 30: status=in_progress counts={"total":1,"completed":0,"failed":0}
live-pin-metadata poll 31: status=in_progress counts={"total":1,"completed":0,"failed":0}
live-pin-metadata poll 32: status=in_progress counts={"total":1,"completed":0,"failed":0}
live-pin-metadata poll 33: status=in_progress counts={"total":1,"completed":0,"failed":0}
live-pin-metadata poll 34: status=in_progress counts={"total":1,"completed":0,"failed":0}
live-pin-metadata poll 35: status=in_progress counts={"total":1,"completed":0,"failed":0}
live-pin-metadata poll 36: status=in_progress counts={"total":1,"completed":0,"failed":0}
live-pin-metadata poll 37: status=in_progress counts={"total":1,"completed":0,"failed":0}
live-pin-metadata poll 38: status=in_progress counts={"total":1,"completed":0,"failed":0}
live-pin-metadata poll 39: status=in_progress counts={"total":1,"completed":0,"failed":0}
live-pin-metadata: still processing after 10 minutes; record that as the observation
batch-1789167739-GXNiy6zu8WT6fzL0zauu poll 0: status=in_progress counts={"total":1,"completed":0,"failed":0}
batch-1789167741-wPqWvi1QgWaUhhD1uX2c poll 0: status=in_progress counts={"total":1,"completed":0,"failed":0}
batch-1789167739-GXNiy6zu8WT6fzL0zauu poll 1: status=in_progress counts={"total":1,"completed":0,"failed":0}
batch-1789167741-wPqWvi1QgWaUhhD1uX2c poll 1: status=in_progress counts={"total":1,"completed":0,"failed":0}
batch-1789167739-GXNiy6zu8WT6fzL0zauu poll 2: status=in_progress counts={"total":1,"completed":0,"failed":0}
batch-1789167741-wPqWvi1QgWaUhhD1uX2c poll 2: status=in_progress counts={"total":1,"completed":0,"failed":0}
batch-1789167739-GXNiy6zu8WT6fzL0zauu poll 3: status=in_progress counts={"total":1,"completed":0,"failed":0}
batch-1789167741-wPqWvi1QgWaUhhD1uX2c poll 3: status=in_progress counts={"total":1,"completed":0,"failed":0}
batch-1789167739-GXNiy6zu8WT6fzL0zauu poll 4: status=in_progress counts={"total":1,"completed":0,"failed":0}
batch-1789167741-wPqWvi1QgWaUhhD1uX2c poll 4: status=in_progress counts={"total":1,"completed":0,"failed":0}
batch-1789167739-GXNiy6zu8WT6fzL0zauu poll 5: status=in_progress counts={"total":1,"completed":0,"failed":0}
batch-1789167741-wPqWvi1QgWaUhhD1uX2c poll 5: status=in_progress counts={"total":1,"completed":0,"failed":0}
batch-1789167739-GXNiy6zu8WT6fzL0zauu poll 6: status=in_progress counts={"total":1,"completed":0,"failed":0}
batch-1789167741-wPqWvi1QgWaUhhD1uX2c poll 6: status=in_progress counts={"total":1,"completed":0,"failed":0}
batch-1789167739-GXNiy6zu8WT6fzL0zauu poll 7: status=in_progress counts={"total":1,"completed":0,"failed":0}
batch-1789167741-wPqWvi1QgWaUhhD1uX2c poll 7: status=in_progress counts={"total":1,"completed":0,"failed":0}
batch-1789167739-GXNiy6zu8WT6fzL0zauu poll 8: status=in_progress counts={"total":1,"completed":0,"failed":0}
batch-1789167741-wPqWvi1QgWaUhhD1uX2c poll 8: status=in_progress counts={"total":1,"completed":0,"failed":0}
batch-1789167739-GXNiy6zu8WT6fzL0zauu poll 9: status=in_progress counts={"total":1,"completed":0,"failed":0}
batch-1789167741-wPqWvi1QgWaUhhD1uX2c poll 9: status=in_progress counts={"total":1,"completed":0,"failed":0}
batch-1789167739-GXNiy6zu8WT6fzL0zauu poll 10: status=in_progress counts={"total":1,"completed":0,"failed":0}
batch-1789167741-wPqWvi1QgWaUhhD1uX2c poll 10: status=in_progress counts={"total":1,"completed":0,"failed":0}
batch-1789167739-GXNiy6zu8WT6fzL0zauu poll 11: status=in_progress counts={"total":1,"completed":0,"failed":0}
batch-1789167741-wPqWvi1QgWaUhhD1uX2c poll 11: status=in_progress counts={"total":1,"completed":0,"failed":0}
batch-1789167739-GXNiy6zu8WT6fzL0zauu poll 12: status=in_progress counts={"total":1,"completed":0,"failed":0}
batch-1789167741-wPqWvi1QgWaUhhD1uX2c poll 12: status=in_progress counts={"total":1,"completed":0,"failed":0}
batch-1789167739-GXNiy6zu8WT6fzL0zauu poll 13: status=in_progress counts={"total":1,"completed":0,"failed":0}
batch-1789167741-wPqWvi1QgWaUhhD1uX2c poll 13: status=in_progress counts={"total":1,"completed":0,"failed":0}
batch-1789167739-GXNiy6zu8WT6fzL0zauu poll 14: status=in_progress counts={"total":1,"completed":0,"failed":0}
batch-1789167741-wPqWvi1QgWaUhhD1uX2c poll 14: status=in_progress counts={"total":1,"completed":0,"failed":0}
batch-1789167739-GXNiy6zu8WT6fzL0zauu poll 15: status=in_progress counts={"total":1,"completed":0,"failed":0}
batch-1789167741-wPqWvi1QgWaUhhD1uX2c poll 15: status=in_progress counts={"total":1,"completed":0,"failed":0}
batch-1789167739-GXNiy6zu8WT6fzL0zauu poll 16: status=in_progress counts={"total":1,"completed":0,"failed":0}
batch-1789167741-wPqWvi1QgWaUhhD1uX2c poll 16: status=in_progress counts={"total":1,"completed":0,"failed":0}
batch-1789167739-GXNiy6zu8WT6fzL0zauu poll 17: status=in_progress counts={"total":1,"completed":0,"failed":0}
batch-1789167741-wPqWvi1QgWaUhhD1uX2c poll 17: status=in_progress counts={"total":1,"completed":0,"failed":0}
batch-1789167739-GXNiy6zu8WT6fzL0zauu poll 18: status=in_progress counts={"total":1,"completed":0,"failed":0}
batch-1789167741-wPqWvi1QgWaUhhD1uX2c poll 18: status=in_progress counts={"total":1,"completed":0,"failed":0}
batch-1789167739-GXNiy6zu8WT6fzL0zauu poll 19: status=in_progress counts={"total":1,"completed":0,"failed":0}
batch-1789167741-wPqWvi1QgWaUhhD1uX2c poll 19: status=in_progress counts={"total":1,"completed":0,"failed":0}
batch-1789167739-GXNiy6zu8WT6fzL0zauu poll 20: status=in_progress counts={"total":1,"completed":0,"failed":0}
batch-1789167741-wPqWvi1QgWaUhhD1uX2c poll 20: status=in_progress counts={"total":1,"completed":0,"failed":0}
batch-1789167739-GXNiy6zu8WT6fzL0zauu poll 21: status=in_progress counts={"total":1,"completed":0,"failed":0}
batch-1789167741-wPqWvi1QgWaUhhD1uX2c poll 21: status=in_progress counts={"total":1,"completed":0,"failed":0}
batch-1789167739-GXNiy6zu8WT6fzL0zauu poll 22: status=in_progress counts={"total":1,"completed":0,"failed":0}
batch-1789167741-wPqWvi1QgWaUhhD1uX2c poll 22: status=in_progress counts={"total":1,"completed":0,"failed":0}
batch-1789167739-GXNiy6zu8WT6fzL0zauu poll 23: status=in_progress counts={"total":1,"completed":0,"failed":0}
batch-1789167741-wPqWvi1QgWaUhhD1uX2c poll 23: status=in_progress counts={"total":1,"completed":0,"failed":0}
batch-1789167739-GXNiy6zu8WT6fzL0zauu poll 24: status=in_progress counts={"total":1,"completed":0,"failed":0}
batch-1789167741-wPqWvi1QgWaUhhD1uX2c poll 24: status=in_progress counts={"total":1,"completed":0,"failed":0}
batch-1789167739-GXNiy6zu8WT6fzL0zauu poll 25: status=in_progress counts={"total":1,"completed":0,"failed":0}
batch-1789167741-wPqWvi1QgWaUhhD1uX2c poll 25: status=in_progress counts={"total":1,"completed":0,"failed":0}
batch-1789167739-GXNiy6zu8WT6fzL0zauu poll 26: status=in_progress counts={"total":1,"completed":0,"failed":0}
batch-1789167741-wPqWvi1QgWaUhhD1uX2c poll 26: status=in_progress counts={"total":1,"completed":0,"failed":0}
batch-1789167739-GXNiy6zu8WT6fzL0zauu poll 27: status=in_progress counts={"total":1,"completed":0,"failed":0}
batch-1789167741-wPqWvi1QgWaUhhD1uX2c poll 27: status=in_progress counts={"total":1,"completed":0,"failed":0}
batch-1789167739-GXNiy6zu8WT6fzL0zauu poll 28: status=in_progress counts={"total":1,"completed":0,"failed":0}
batch-1789167741-wPqWvi1QgWaUhhD1uX2c poll 28: status=in_progress counts={"total":1,"completed":0,"failed":0}
batch-1789167739-GXNiy6zu8WT6fzL0zauu poll 29: status=in_progress counts={"total":1,"completed":0,"failed":0}
batch-1789167741-wPqWvi1QgWaUhhD1uX2c poll 29: status=in_progress counts={"total":1,"completed":0,"failed":0}
batch-1789167739-GXNiy6zu8WT6fzL0zauu poll 30: status=in_progress counts={"total":1,"completed":0,"failed":0}
batch-1789167741-wPqWvi1QgWaUhhD1uX2c poll 30: status=in_progress counts={"total":1,"completed":0,"failed":0}
batch-1789167739-GXNiy6zu8WT6fzL0zauu poll 31: status=in_progress counts={"total":1,"completed":0,"failed":0}
batch-1789167741-wPqWvi1QgWaUhhD1uX2c poll 31: status=in_progress counts={"total":1,"completed":0,"failed":0}
batch-1789167739-GXNiy6zu8WT6fzL0zauu poll 32: status=in_progress counts={"total":1,"completed":0,"failed":0}
batch-1789167741-wPqWvi1QgWaUhhD1uX2c poll 32: status=in_progress counts={"total":1,"completed":0,"failed":0}
batch-1789167739-GXNiy6zu8WT6fzL0zauu poll 33: status=in_progress counts={"total":1,"completed":0,"failed":0}
batch-1789167741-wPqWvi1QgWaUhhD1uX2c poll 33: status=in_progress counts={"total":1,"completed":0,"failed":0}
batch-1789167739-GXNiy6zu8WT6fzL0zauu poll 34: status=in_progress counts={"total":1,"completed":0,"failed":0}
batch-1789167741-wPqWvi1QgWaUhhD1uX2c poll 34: status=in_progress counts={"total":1,"completed":0,"failed":0}
batch-1789167739-GXNiy6zu8WT6fzL0zauu poll 35: status=in_progress counts={"total":1,"completed":0,"failed":0}
batch-1789167741-wPqWvi1QgWaUhhD1uX2c poll 35: status=in_progress counts={"total":1,"completed":0,"failed":0}
batch-1789167739-GXNiy6zu8WT6fzL0zauu poll 36: status=in_progress counts={"total":1,"completed":0,"failed":0}
batch-1789167741-wPqWvi1QgWaUhhD1uX2c poll 36: status=in_progress counts={"total":1,"completed":0,"failed":0}
batch-1789167739-GXNiy6zu8WT6fzL0zauu poll 37: status=in_progress counts={"total":1,"completed":0,"failed":0}
batch-1789167741-wPqWvi1QgWaUhhD1uX2c poll 37: status=in_progress counts={"total":1,"completed":0,"failed":0}
batch-1789167739-GXNiy6zu8WT6fzL0zauu poll 38: status=in_progress counts={"total":1,"completed":0,"failed":0}
batch-1789167741-wPqWvi1QgWaUhhD1uX2c poll 38: status=in_progress counts={"total":1,"completed":0,"failed":0}
batch-1789167739-GXNiy6zu8WT6fzL0zauu poll 39: status=in_progress counts={"total":1,"completed":0,"failed":0}
batch-1789167741-wPqWvi1QgWaUhhD1uX2c poll 39: status=in_progress counts={"total":1,"completed":0,"failed":0}
batch-1789167739-GXNiy6zu8WT6fzL0zauu: still processing after 40 minutes; record that as the observation
batch-1789167741-wPqWvi1QgWaUhhD1uX2c: still processing after 40 minutes; record that as the observation
